in/ravikalla/cloudBank/dao/SavingsTransactionDao.class
in/ravikalla/cloudBank/service/UserServiceImpl/UserSecurityService.class
in/ravikalla/cloudBank/domain/security/Role.class
in/ravikalla/cloudBank/controller/HomeController.class
in/ravikalla/cloudBank/util/AppConstants.class
in/ravikalla/cloudBank/domain/Recipient.class
in/ravikalla/cloudBank/config/SecurityConfig.class
in/ravikalla/cloudBank/dao/PrimaryAccountDao.class
in/ravikalla/cloudBank/service/AppointmentService.class
in/ravikalla/cloudBank/StartApplication.class
in/ravikalla/cloudBank/service/UserServiceImpl/UserServiceImpl.class
in/ravikalla/cloudBank/service/UserService.class
in/ravikalla/cloudBank/dao/AppointmentDao.class
in/ravikalla/cloudBank/resource/AppointmentResource.class
in/ravikalla/cloudBank/controller/AppointmentController.class
in/ravikalla/cloudBank/domain/security/Authority.class
in/ravikalla/cloudBank/domain/PrimaryAccount.class
in/ravikalla/cloudBank/controller/TransferController.class
in/ravikalla/cloudBank/dao/RecipientDao.class
in/ravikalla/cloudBank/dao/PrimaryTransactionDao.class
in/ravikalla/cloudBank/domain/User.class
in/ravikalla/cloudBank/domain/PrimaryTransaction.class
in/ravikalla/cloudBank/dao/RoleDao.class
in/ravikalla/cloudBank/domain/security/UserRole.class
in/ravikalla/cloudBank/dao/SavingsAccountDao.class
in/ravikalla/cloudBank/domain/Appointment.class
in/ravikalla/cloudBank/service/AccountService.class
in/ravikalla/cloudBank/service/TransactionService.class
in/ravikalla/cloudBank/resource/UserResource.class
in/ravikalla/cloudBank/controller/AccountController.class
in/ravikalla/cloudBank/service/UserServiceImpl/AccountServiceImpl.class
in/ravikalla/cloudBank/service/UserServiceImpl/AppointmentServiceImpl.class
in/ravikalla/cloudBank/config/RequestFilter.class
in/ravikalla/cloudBank/controller/UserController.class
in/ravikalla/cloudBank/dao/UserDao.class
in/ravikalla/cloudBank/domain/SavingsTransaction.class
in/ravikalla/cloudBank/domain/SavingsAccount.class
in/ravikalla/cloudBank/service/UserServiceImpl/TransactionServiceImpl.class
