/home/travis/build/ravikalla/online-bank/src/main/java/in/ravikalla/cloudBank/service/TransactionService.java
/home/travis/build/ravikalla/online-bank/src/main/java/in/ravikalla/cloudBank/controller/HomeController.java
/home/travis/build/ravikalla/online-bank/src/main/java/in/ravikalla/cloudBank/domain/Appointment.java
/home/travis/build/ravikalla/online-bank/src/main/java/in/ravikalla/cloudBank/config/SecurityConfig.java
/home/travis/build/ravikalla/online-bank/src/main/java/in/ravikalla/cloudBank/domain/security/Authority.java
/home/travis/build/ravikalla/online-bank/src/main/java/in/ravikalla/cloudBank/dao/SavingsTransactionDao.java
/home/travis/build/ravikalla/online-bank/src/main/java/in/ravikalla/cloudBank/service/UserServiceImpl/AppointmentServiceImpl.java
/home/travis/build/ravikalla/online-bank/src/main/java/in/ravikalla/cloudBank/util/AppConstants.java
/home/travis/build/ravikalla/online-bank/src/main/java/in/ravikalla/cloudBank/dao/PrimaryAccountDao.java
/home/travis/build/ravikalla/online-bank/src/main/java/in/ravikalla/cloudBank/dao/RoleDao.java
/home/travis/build/ravikalla/online-bank/src/main/java/in/ravikalla/cloudBank/domain/SavingsTransaction.java
/home/travis/build/ravikalla/online-bank/src/main/java/in/ravikalla/cloudBank/controller/UserController.java
/home/travis/build/ravikalla/online-bank/src/main/java/in/ravikalla/cloudBank/domain/PrimaryTransaction.java
/home/travis/build/ravikalla/online-bank/src/main/java/in/ravikalla/cloudBank/dao/AppointmentDao.java
/home/travis/build/ravikalla/online-bank/src/main/java/in/ravikalla/cloudBank/service/AccountService.java
/home/travis/build/ravikalla/online-bank/src/main/java/in/ravikalla/cloudBank/dao/RecipientDao.java
/home/travis/build/ravikalla/online-bank/src/main/java/in/ravikalla/cloudBank/dao/UserDao.java
/home/travis/build/ravikalla/online-bank/src/main/java/in/ravikalla/cloudBank/dao/SavingsAccountDao.java
/home/travis/build/ravikalla/online-bank/src/main/java/in/ravikalla/cloudBank/service/UserService.java
/home/travis/build/ravikalla/online-bank/src/main/java/in/ravikalla/cloudBank/service/UserServiceImpl/AccountServiceImpl.java
/home/travis/build/ravikalla/online-bank/src/main/java/in/ravikalla/cloudBank/domain/PrimaryAccount.java
/home/travis/build/ravikalla/online-bank/src/main/java/in/ravikalla/cloudBank/domain/User.java
/home/travis/build/ravikalla/online-bank/src/main/java/in/ravikalla/cloudBank/resource/UserResource.java
/home/travis/build/ravikalla/online-bank/src/main/java/in/ravikalla/cloudBank/service/UserServiceImpl/UserSecurityService.java
/home/travis/build/ravikalla/online-bank/src/main/java/in/ravikalla/cloudBank/resource/AppointmentResource.java
/home/travis/build/ravikalla/online-bank/src/main/java/in/ravikalla/cloudBank/domain/SavingsAccount.java
/home/travis/build/ravikalla/online-bank/src/main/java/in/ravikalla/cloudBank/service/UserServiceImpl/TransactionServiceImpl.java
/home/travis/build/ravikalla/online-bank/src/main/java/in/ravikalla/cloudBank/config/RequestFilter.java
/home/travis/build/ravikalla/online-bank/src/main/java/in/ravikalla/cloudBank/service/AppointmentService.java
/home/travis/build/ravikalla/online-bank/src/main/java/in/ravikalla/cloudBank/controller/AccountController.java
/home/travis/build/ravikalla/online-bank/src/main/java/in/ravikalla/cloudBank/domain/security/Role.java
/home/travis/build/ravikalla/online-bank/src/main/java/in/ravikalla/cloudBank/service/UserServiceImpl/UserServiceImpl.java
/home/travis/build/ravikalla/online-bank/src/main/java/in/ravikalla/cloudBank/controller/AppointmentController.java
/home/travis/build/ravikalla/online-bank/src/main/java/in/ravikalla/cloudBank/StartApplication.java
/home/travis/build/ravikalla/online-bank/src/main/java/in/ravikalla/cloudBank/domain/security/UserRole.java
/home/travis/build/ravikalla/online-bank/src/main/java/in/ravikalla/cloudBank/controller/TransferController.java
/home/travis/build/ravikalla/online-bank/src/main/java/in/ravikalla/cloudBank/dao/PrimaryTransactionDao.java
/home/travis/build/ravikalla/online-bank/src/main/java/in/ravikalla/cloudBank/domain/Recipient.java
